******************************************************************************
                  MSP430 Linker PC v16.9.6                     
******************************************************************************
>> Linked Wed Mar 21 09:32:36 2018

OUTPUT FILE NAME:   <Test430.out>
ENTRY POINT SYMBOL: "_c_int00_noinit_noargs_noexit"  address: 00001178


MEMORY CONFIGURATION

         name            origin    length      used     unused   attr    fill
----------------------  --------  ---------  --------  --------  ----  --------
  SFR                   00000000   00000010  00000000  00000010  RWIX
  PERIPHERALS_8BIT      00000010   000000f0  00000000  000000f0  RWIX
  PERIPHERALS_16BIT     00000100   00000100  00000000  00000100  RWIX
  RAM                   00000200   00000800  00000050  000007b0  RWIX
  INFOB                 00001000   00000080  00000000  00000080  RWIX
  INFOA                 00001080   00000080  00000000  00000080  RWIX
  FLASH                 00001100   0000eee0  000000a8  0000ee38  RWIX
  INT00                 0000ffe0   00000002  00000000  00000002  RWIX
  INT01                 0000ffe2   00000002  00000002  00000000  RWIX
  INT02                 0000ffe4   00000002  00000002  00000000  RWIX
  INT03                 0000ffe6   00000002  00000002  00000000  RWIX
  INT04                 0000ffe8   00000002  00000002  00000000  RWIX
  INT05                 0000ffea   00000002  00000002  00000000  RWIX
  INT06                 0000ffec   00000002  00000002  00000000  RWIX
  INT07                 0000ffee   00000002  00000002  00000000  RWIX
  INT08                 0000fff0   00000002  00000002  00000000  RWIX
  INT09                 0000fff2   00000002  00000002  00000000  RWIX
  INT10                 0000fff4   00000002  00000002  00000000  RWIX
  INT11                 0000fff6   00000002  00000002  00000000  RWIX
  INT12                 0000fff8   00000002  00000002  00000000  RWIX
  INT13                 0000fffa   00000002  00000002  00000000  RWIX
  INT14                 0000fffc   00000002  00000002  00000000  RWIX
  RESET                 0000fffe   00000002  00000002  00000000  RWIX


SECTION ALLOCATION MAP

 output                                  attributes/
section   page    origin      length       input sections
--------  ----  ----------  ----------   ----------------
.stack     0    000009b0    00000050     UNINITIALIZED
                  000009b0    00000002     rts430_eabi.lib : boot.obj (.stack)
                  000009b2    0000004e     --HOLE--

.text      0    00001100    000000a8     
                  00001100    00000064     main.obj (.text:ADC_Init)
                  00001164    00000014     main.obj (.text:main)
                  00001178    00000012     rts430_eabi.lib : boot_special.obj (.text:_c_int00_noinit_noargs_noexit)
                  0000118a    0000000c     main.obj (.text:ta0_isr)
                  00001196    00000008     rts430_eabi.lib : isr_trap.obj (.text:_isr:__TI_ISR_TRAP)
                  0000119e    00000006                     : exit.obj (.text:abort)
                  000011a4    00000004                     : pre_init.obj (.text:_system_pre_init)

.cinit     0    00001100    00000000     UNINITIALIZED

.binit     0    00001100    00000000     

.init_array 
*          0    00001100    00000000     UNINITIALIZED

PORT2      0    0000ffe2    00000002     
                  0000ffe2    00000002     rts430_eabi.lib : int01.obj (.int01)

USART1TX   0    0000ffe4    00000002     
                  0000ffe4    00000002     rts430_eabi.lib : int02.obj (.int02)

USART1RX   0    0000ffe6    00000002     
                  0000ffe6    00000002     rts430_eabi.lib : int03.obj (.int03)

PORT1      0    0000ffe8    00000002     
                  0000ffe8    00000002     rts430_eabi.lib : int04.obj (.int04)

TIMERA1    0    0000ffea    00000002     
                  0000ffea    00000002     rts430_eabi.lib : int05.obj (.int05)

TIMERA0    0    0000ffec    00000002     
                  0000ffec    00000002     main.obj (.int06)

ADC12      0    0000ffee    00000002     
                  0000ffee    00000002     rts430_eabi.lib : int07.obj (.int07)

USART0TX   0    0000fff0    00000002     
                  0000fff0    00000002     rts430_eabi.lib : int08.obj (.int08)

USART0RX   0    0000fff2    00000002     
                  0000fff2    00000002     rts430_eabi.lib : int09.obj (.int09)

WDT        0    0000fff4    00000002     
                  0000fff4    00000002     rts430_eabi.lib : int10.obj (.int10)

COMPARATORA 
*          0    0000fff6    00000002     
                  0000fff6    00000002     rts430_eabi.lib : int11.obj (.int11)

TIMERB1    0    0000fff8    00000002     
                  0000fff8    00000002     rts430_eabi.lib : int12.obj (.int12)

TIMERB0    0    0000fffa    00000002     
                  0000fffa    00000002     rts430_eabi.lib : int13.obj (.int13)

NMI        0    0000fffc    00000002     
                  0000fffc    00000002     rts430_eabi.lib : int14.obj (.int14)

.reset     0    0000fffe    00000002     
                  0000fffe    00000002     rts430_eabi.lib : boot.obj (.reset)

MODULE SUMMARY

       Module             code   ro data   rw data
       ------             ----   -------   -------
    .\
       main.obj           132    2         0      
    +--+------------------+------+---------+---------+
       Total:             132    2         0      
                                                  
    D:\opt\ti\ccsv7\tools\compiler\ti-cgt-msp430_16.9.6.LTS\lib\rts430_eabi.lib
       boot_special.obj   18     0         0      
       isr_trap.obj       8      0         0      
       exit.obj           6      0         0      
       pre_init.obj       4      0         0      
       boot.obj           0      2         0      
       int01.obj          0      2         0      
       int02.obj          0      2         0      
       int03.obj          0      2         0      
       int04.obj          0      2         0      
       int05.obj          0      2         0      
       int07.obj          0      2         0      
       int08.obj          0      2         0      
       int09.obj          0      2         0      
       int10.obj          0      2         0      
       int11.obj          0      2         0      
       int12.obj          0      2         0      
       int13.obj          0      2         0      
       int14.obj          0      2         0      
    +--+------------------+------+---------+---------+
       Total:             36     28        0      
                                                  
       Stack:             0      0         80     
    +--+------------------+------+---------+---------+
       Grand Total:       168    30        80     


GLOBAL SYMBOLS: SORTED ALPHABETICALLY BY Name 

address   name                         
-------   ----                         
000001a0  ADC12CTL0                    
000001a2  ADC12CTL1                    
000001a6  ADC12IE                      
000001a4  ADC12IFG                     
000001a8  ADC12IV                      
00000080  ADC12MCTL0                   
00000081  ADC12MCTL1                   
0000008a  ADC12MCTL10                  
0000008b  ADC12MCTL11                  
0000008c  ADC12MCTL12                  
0000008d  ADC12MCTL13                  
0000008e  ADC12MCTL14                  
0000008f  ADC12MCTL15                  
00000082  ADC12MCTL2                   
00000083  ADC12MCTL3                   
00000084  ADC12MCTL4                   
00000085  ADC12MCTL5                   
00000086  ADC12MCTL6                   
00000087  ADC12MCTL7                   
00000088  ADC12MCTL8                   
00000089  ADC12MCTL9                   
00000140  ADC12MEM0                    
00000142  ADC12MEM1                    
00000154  ADC12MEM10                   
00000156  ADC12MEM11                   
00000158  ADC12MEM12                   
0000015a  ADC12MEM13                   
0000015c  ADC12MEM14                   
0000015e  ADC12MEM15                   
00000144  ADC12MEM2                    
00000146  ADC12MEM3                    
00000148  ADC12MEM4                    
0000014a  ADC12MEM5                    
0000014c  ADC12MEM6                    
0000014e  ADC12MEM7                    
00000150  ADC12MEM8                    
00000152  ADC12MEM9                    
00001100  ADC_Init                     
00000057  BCSCTL1                      
00000058  BCSCTL2                      
0000119e  C$$EXIT                      
00000059  CACTL1                       
0000005a  CACTL2                       
0000005b  CAPD                         
00000056  DCOCTL                       
00000128  FCTL1                        
0000012a  FCTL2                        
0000012c  FCTL3                        
00000000  IE1                          
00000001  IE2                          
00000002  IFG1                         
00000003  IFG2                         
00000134  MAC                          
00000136  MACS                         
00000004  ME1                          
00000005  ME2                          
00000130  MPY                          
00000132  MPYS                         
00000138  OP2                          
00000022  P1DIR                        
00000025  P1IE                         
00000024  P1IES                        
00000023  P1IFG                        
00000020  P1IN                         
00000021  P1OUT                        
00000026  P1SEL                        
0000002a  P2DIR                        
0000002d  P2IE                         
0000002c  P2IES                        
0000002b  P2IFG                        
00000028  P2IN                         
00000029  P2OUT                        
0000002e  P2SEL                        
0000001a  P3DIR                        
00000018  P3IN                         
00000019  P3OUT                        
0000001b  P3SEL                        
0000001e  P4DIR                        
0000001c  P4IN                         
0000001d  P4OUT                        
0000001f  P4SEL                        
00000032  P5DIR                        
00000030  P5IN                         
00000031  P5OUT                        
00000033  P5SEL                        
00000036  P6DIR                        
00000034  P6IN                         
00000035  P6OUT                        
00000037  P6SEL                        
0000013c  RESHI                        
0000013a  RESLO                        
0000013e  SUMEXT                       
00000172  TACCR0                       
00000174  TACCR1                       
00000176  TACCR2                       
00000162  TACCTL0                      
00000164  TACCTL1                      
00000166  TACCTL2                      
00000160  TACTL                        
0000012e  TAIV                         
00000170  TAR                          
00000192  TBCCR0                       
00000194  TBCCR1                       
00000196  TBCCR2                       
00000198  TBCCR3                       
0000019a  TBCCR4                       
0000019c  TBCCR5                       
0000019e  TBCCR6                       
00000182  TBCCTL0                      
00000184  TBCCTL1                      
00000186  TBCCTL2                      
00000188  TBCCTL3                      
0000018a  TBCCTL4                      
0000018c  TBCCTL5                      
0000018e  TBCCTL6                      
00000180  TBCTL                        
0000011e  TBIV                         
00000190  TBR                          
00000074  U0BR0                        
00000075  U0BR1                        
00000070  U0CTL                        
00000073  U0MCTL                       
00000072  U0RCTL                       
00000076  U0RXBUF                      
00000071  U0TCTL                       
00000077  U0TXBUF                      
0000007c  U1BR0                        
0000007d  U1BR1                        
00000078  U1CTL                        
0000007b  U1MCTL                       
0000007a  U1RCTL                       
0000007e  U1RXBUF                      
00000079  U1TCTL                       
0000007f  U1TXBUF                      
00000120  WDTCTL                       
00000a00  __STACK_END                  
00000050  __STACK_SIZE                 
00001196  __TI_ISR_TRAP                
0000ffe2  __TI_int01                   
0000ffe4  __TI_int02                   
0000ffe6  __TI_int03                   
0000ffe8  __TI_int04                   
0000ffea  __TI_int05                   
0000ffec  __TI_int06                   
0000ffee  __TI_int07                   
0000fff0  __TI_int08                   
0000fff2  __TI_int09                   
0000fff4  __TI_int10                   
0000fff6  __TI_int11                   
0000fff8  __TI_int12                   
0000fffa  __TI_int13                   
0000fffc  __TI_int14                   
ffffffff  __TI_pprof_out_hndl          
ffffffff  __TI_prof_data_size          
ffffffff  __TI_prof_data_start         
ffffffff  __c_args__                   
00001178  _c_int00_noinit_noargs_noexit
0000fffe  _reset_vector                
000009b0  _stack                       
000011a4  _system_pre_init             
0000119e  abort                        
00001164  main                         
0000118a  ta0_isr                      


GLOBAL SYMBOLS: SORTED BY Symbol Address 

address   name                         
-------   ----                         
00000000  IE1                          
00000001  IE2                          
00000002  IFG1                         
00000003  IFG2                         
00000004  ME1                          
00000005  ME2                          
00000018  P3IN                         
00000019  P3OUT                        
0000001a  P3DIR                        
0000001b  P3SEL                        
0000001c  P4IN                         
0000001d  P4OUT                        
0000001e  P4DIR                        
0000001f  P4SEL                        
00000020  P1IN                         
00000021  P1OUT                        
00000022  P1DIR                        
00000023  P1IFG                        
00000024  P1IES                        
00000025  P1IE                         
00000026  P1SEL                        
00000028  P2IN                         
00000029  P2OUT                        
0000002a  P2DIR                        
0000002b  P2IFG                        
0000002c  P2IES                        
0000002d  P2IE                         
0000002e  P2SEL                        
00000030  P5IN                         
00000031  P5OUT                        
00000032  P5DIR                        
00000033  P5SEL                        
00000034  P6IN                         
00000035  P6OUT                        
00000036  P6DIR                        
00000037  P6SEL                        
00000050  __STACK_SIZE                 
00000056  DCOCTL                       
00000057  BCSCTL1                      
00000058  BCSCTL2                      
00000059  CACTL1                       
0000005a  CACTL2                       
0000005b  CAPD                         
00000070  U0CTL                        
00000071  U0TCTL                       
00000072  U0RCTL                       
00000073  U0MCTL                       
00000074  U0BR0                        
00000075  U0BR1                        
00000076  U0RXBUF                      
00000077  U0TXBUF                      
00000078  U1CTL                        
00000079  U1TCTL                       
0000007a  U1RCTL                       
0000007b  U1MCTL                       
0000007c  U1BR0                        
0000007d  U1BR1                        
0000007e  U1RXBUF                      
0000007f  U1TXBUF                      
00000080  ADC12MCTL0                   
00000081  ADC12MCTL1                   
00000082  ADC12MCTL2                   
00000083  ADC12MCTL3                   
00000084  ADC12MCTL4                   
00000085  ADC12MCTL5                   
00000086  ADC12MCTL6                   
00000087  ADC12MCTL7                   
00000088  ADC12MCTL8                   
00000089  ADC12MCTL9                   
0000008a  ADC12MCTL10                  
0000008b  ADC12MCTL11                  
0000008c  ADC12MCTL12                  
0000008d  ADC12MCTL13                  
0000008e  ADC12MCTL14                  
0000008f  ADC12MCTL15                  
0000011e  TBIV                         
00000120  WDTCTL                       
00000128  FCTL1                        
0000012a  FCTL2                        
0000012c  FCTL3                        
0000012e  TAIV                         
00000130  MPY                          
00000132  MPYS                         
00000134  MAC                          
00000136  MACS                         
00000138  OP2                          
0000013a  RESLO                        
0000013c  RESHI                        
0000013e  SUMEXT                       
00000140  ADC12MEM0                    
00000142  ADC12MEM1                    
00000144  ADC12MEM2                    
00000146  ADC12MEM3                    
00000148  ADC12MEM4                    
0000014a  ADC12MEM5                    
0000014c  ADC12MEM6                    
0000014e  ADC12MEM7                    
00000150  ADC12MEM8                    
00000152  ADC12MEM9                    
00000154  ADC12MEM10                   
00000156  ADC12MEM11                   
00000158  ADC12MEM12                   
0000015a  ADC12MEM13                   
0000015c  ADC12MEM14                   
0000015e  ADC12MEM15                   
00000160  TACTL                        
00000162  TACCTL0                      
00000164  TACCTL1                      
00000166  TACCTL2                      
00000170  TAR                          
00000172  TACCR0                       
00000174  TACCR1                       
00000176  TACCR2                       
00000180  TBCTL                        
00000182  TBCCTL0                      
00000184  TBCCTL1                      
00000186  TBCCTL2                      
00000188  TBCCTL3                      
0000018a  TBCCTL4                      
0000018c  TBCCTL5                      
0000018e  TBCCTL6                      
00000190  TBR                          
00000192  TBCCR0                       
00000194  TBCCR1                       
00000196  TBCCR2                       
00000198  TBCCR3                       
0000019a  TBCCR4                       
0000019c  TBCCR5                       
0000019e  TBCCR6                       
000001a0  ADC12CTL0                    
000001a2  ADC12CTL1                    
000001a4  ADC12IFG                     
000001a6  ADC12IE                      
000001a8  ADC12IV                      
000009b0  _stack                       
00000a00  __STACK_END                  
00001100  ADC_Init                     
00001164  main                         
00001178  _c_int00_noinit_noargs_noexit
0000118a  ta0_isr                      
00001196  __TI_ISR_TRAP                
0000119e  C$$EXIT                      
0000119e  abort                        
000011a4  _system_pre_init             
0000ffe2  __TI_int01                   
0000ffe4  __TI_int02                   
0000ffe6  __TI_int03                   
0000ffe8  __TI_int04                   
0000ffea  __TI_int05                   
0000ffec  __TI_int06                   
0000ffee  __TI_int07                   
0000fff0  __TI_int08                   
0000fff2  __TI_int09                   
0000fff4  __TI_int10                   
0000fff6  __TI_int11                   
0000fff8  __TI_int12                   
0000fffa  __TI_int13                   
0000fffc  __TI_int14                   
0000fffe  _reset_vector                
ffffffff  __TI_pprof_out_hndl          
ffffffff  __TI_prof_data_size          
ffffffff  __TI_prof_data_start         
ffffffff  __c_args__                   

[163 symbols]
